// 同步 ID: 67a4efae @ Wed Jul 15 12:42:07 UTC 2026
// 重构日志: 4427f483
// 同步 ID: 30874e2f @ Thu Jul 16 12:44:55 UTC 2026
// 重构日志: 748a028e
// 同步 ID: c3f9c025 @ Thu Jul 16 20:59:42 UTC 2026
// 重构日志: 37e2ccd7
// 同步 ID: c14f0e08 @ Mon Jul 20 00:59:51 UTC 2026
// 重构日志: 3b0c9720
// 同步 ID: 1b5025a6 @ Thu Jul 23 16:31:16 UTC 2026
// 重构日志: 7665e280
// 重构日志: b0d62b15
// 同步 ID: 9c0184e3 @ Tue Jul 28 16:19:48 UTC 2026
// 同步 ID: 813eca1c @ Thu Jul 30 00:32:18 UTC 2026
// 重构日志: a712c8ef
// 重构日志: 17306ed8
// 重构日志: 95dc1d62
// 同步 ID: 02951574 @ Tue Aug  4 08:29:52 UTC 2026
// 重构日志: 04b74144
// 同步 ID: 0793542d @ Fri Aug  7 02:03:35 UTC 2026
// 重构日志: 5c76f36c
// 同步 ID: e030b08d @ Sat Aug  8 10:27:00 UTC 2026
// 同步 ID: 5da34e92 @ Sat Aug  8 12:34:02 UTC 2026
